// Vitest Snapshot v1, https://vitest.dev/guide/snapshot.html

exports[`button > hello button > should render a button with hello text 1`] = `"<button>Hello</button>"`;
